
 Consumer 1 is waiting 

 Consumer 2 is waiting 

 Consumer 3 is waiting 

 Producer 1 is producing item number 1 

 Producer 2 is producing item number 1 

 Producer 3 is producing item number 1 

 Producer 4 is producing item number 1 

 Producer 5 is producing item number 1 

 Producer 6 is producing item number 1 

 Producer 7 is waiting 

 Consumer 4 is consuming item generated by Producer 1 

 Consumer 5 is consuming item generated by Producer 2 

 Consumer 6 is consuming item generated by Producer 3 

 Consumer 7 is consuming item generated by Producer 4 

 Producer 8 is producing item number 1 

 Producer 9 is producing item number 1 

 Producer 10 is producing item number 1 

 Consumer 8 is consuming item generated by Producer 5 

 Consumer 9 is consuming item generated by Producer 6 

 Consumer 10 is consuming item generated by Producer 8 

 Consumer 1 is consuming item generated by Producer 9 

 Consumer 2 is consuming item generated by Producer 10 

 Consumer 3 is waiting 

 Producer 7 is producing item number 1 

 Consumer 3 is consuming item generated by Producer 7 
