
 Consumer 1 is waiting 

 Consumer 2 is waiting 

 Consumer 3 is waiting 

 Consumer 4 is waiting 
