
 Producer 1 is producing item number 1 

 Producer 2 is producing item number 1 

 Producer 3 is waiting 

 Producer 1 is waiting 

 Producer 2 is waiting 
