
 Producer 1 is producing item number 1 

 Producer 2 is waiting 

 Producer 3 is waiting 

 Consumer 1 is consuming item generated by Producer 1 

 Producer 4 is producing item number 1 

 Producer 5 is waiting 

 Producer 6 is waiting 

 Producer 1 is waiting 

 Producer 2 is waiting 

 Consumer 1 is consuming item generated by Producer 4 

 Producer 4 is producing item number 2 

 Producer 3 is waiting
