
 Philosopher 1 is eating 

 Philosopher 5 is eating 

 Philosopher 4 is eating 
