
 Philosopher 4 is eating 

 Philosopher 3 is eating 

 Philosopher 2 is eating 

 Philosopher 1 is eating 
